app/home.tsx(4,31): error TS2305: Module '"../services/authService"' has no exported member 'CustomerProfile'.
app_old/(tabs)/index.tsx(10,31): error TS2305: Module '"@/services/authService"' has no exported member 'CustomerProfile'.
app_old/(tabs)/index.tsx(34,24): error TS2345: Argument of type '"/(tabs)"' is not assignable to parameter of type 'RelativePathString | ExternalPathString | "/home" | `/home?${string}` | `/home#${string}` | "/" | `/?${string}` | `/#${string}` | "/login" | `/login?${string}` | `/login#${string}` | ... 12 more ... | { ...; }'.
app_old/login.tsx(15,28): error TS2345: Argument of type '"/(tabs)"' is not assignable to parameter of type 'RelativePathString | ExternalPathString | "/home" | `/home?${string}` | `/home#${string}` | "/" | `/?${string}` | `/#${string}` | "/login" | `/login?${string}` | `/login#${string}` | ... 12 more ... | { ...; }'.
app_old/signup.tsx(15,28): error TS2345: Argument of type '"/(tabs)"' is not assignable to parameter of type 'RelativePathString | ExternalPathString | "/home" | `/home?${string}` | `/home#${string}` | "/" | `/?${string}` | `/#${string}` | "/login" | `/login?${string}` | `/login#${string}` | ... 12 more ... | { ...; }'.
services/authService.ts(87,19): error TS2304: Cannot find name 'CustomerProfile'.
